[
    "Meat",
    "asdf",
    "12",
    "12",
    "2020/12/12",
]